no_gender English (1008, 4096) (1008, 192) 1008
no_gender Bangla (1406, 4096) (1406, 192) 1406
gender English (982, 4096) (982, 192) 982
gender Bangla (1468, 4096) (1468, 192) 1468
{
 "no_gender/English": {
  "face_shape": [
   1008,
   4096
  ],
  "voice_shape": [
   1008,
   192
  ],
  "nan": 0,
  "face_unique": 983,
  "voice_unique": 822
 },
 "no_gender/Bangla": {
  "face_shape": [
   1406,
   4096
  ],
  "voice_shape": [
   1406,
   192
  ],
  "nan": 0,
  "face_unique": 1358,
  "voice_unique": 1169
 },
 "gender/English": {
  "face_shape": [
   982,
   4096
  ],
  "voice_shape": [
   982,
   192
  ],
  "nan": 0,
  "face_unique": 938,
  "voice_unique": 791
 },
 "gender/Bangla": {
  "face_shape": [
   1468,
   4096
  ],
  "voice_shape": [
   1468,
   192
  ],
  "nan": 0,
  "face_unique": 1407,
  "voice_unique": 1210
 },
 "face_overlap_nogender_vs_gender_English": [
  26,
  983,
  938
 ],
 "face_overlap_nogender_vs_gender_Bangla": [
  74,
  1358,
  1407
 ],
 "face_overlap_English_vs_Bangla_nogender": [
  38,
  983,
  1358
 ],
 "face_overlap_dev_vs_train_nogender_English": [
  0,
  983,
  6041
 ],
 "voice_overlap_nogender_vs_gender_English": [
  98,
  822,
  791
 ],
 "voice_overlap_nogender_vs_gender_Bangla": [
  180,
  1169,
  1210
 ],
 "voice_overlap_English_vs_Bangla_nogender": [
  0,
  822,
  1169
 ],
 "voice_overlap_dev_vs_train_nogender_English": [
  0,
  822,
  4029
 ]
}

EDA-6 train vs dev (PCA-64 fit on train)
                             norm_mean  norm_std  frac_zero  centroid_dist_pca  centroid_dist_pca_in_train_sd  maha_mean  maha_p95  var_ratio_vs_train  knn5_cos_dist_to_train  mmd_vs_train  knn5_cos_dist_to_train(heldout_speakers_ref)  mmd_train_vs_heldout_speakers_ref
modality set                                                                                                                                                                                                                                                                
face     train                119.090    19.403      0.889              0.000                          0.000      7.650    12.018               1.000                     NaN         0.000                                         0.518                              0.027
         no_gender/English    116.544    22.834      0.890              5.345                          0.980      5.665     8.746               0.500                   0.553         0.028                                           NaN                                NaN
         no_gender/Bangla     116.114    23.090      0.887              5.766                          1.046      5.839     8.818               0.536                   0.553         0.026                                           NaN                                NaN
         gender/English       118.528    22.319      0.888              5.423                          1.014      5.809     8.703               0.522                   0.548         0.026                                           NaN                                NaN
         gender/Bangla        114.880    22.361      0.888              5.969                          1.033      5.795     8.844               0.527                   0.554         0.027                                           NaN                                NaN
voice    train                137.224    14.474      0.000              0.000                          0.000      7.929     9.757               1.000                     NaN         0.000                                         0.540                              0.033
         no_gender/English    137.423    13.333      0.000              3.102                          2.178      8.533    10.377               0.806                   0.557         0.024                                           NaN                                NaN
         no_gender/Bangla     139.932    14.813      0.000              3.387                          2.387      8.641    10.244               0.820                   0.543         0.027                                           NaN                                NaN
         gender/English       138.107    13.502      0.000              2.986                          2.125      8.531    10.490               0.816                   0.550         0.022                                           NaN                                NaN
         gender/Bangla        140.082    15.394      0.000              3.421                          2.409      8.671    10.387               0.814                   0.548         0.029                                           NaN                                NaN

EDA-5 {
 "face_mmd_En_vs_Bn": 0.005337834358215332,
 "face_centroid_dist_En_Bn_in_train_sd": 0.5899531245231628,
 "face_language_probe_acc(5fold, optimistic)": 0.6132843989358777,
 "face_knn5_Bn_to_En": 0.1962095854924467,
 "face_knn5_En_to_En(loo-ish)": 0.19976010918617249,
 "face_knn5_Bn_to_Bn(loo-ish)": 0.17190447449684143,
 "voice_mmd_En_vs_Bn": 0.03318178653717041,
 "voice_centroid_dist_En_Bn_in_train_sd": 2.583374500274658,
 "voice_language_probe_acc(5fold, optimistic)": 0.8838400179327438,
 "voice_knn5_Bn_to_En": 0.41526482467362674,
 "voice_knn5_En_to_En(loo-ish)": 0.18209369480609894,
 "voice_knn5_Bn_to_Bn(loo-ish)": 0.18931137025356293,
 "face_train_same_speaker_cos_mean": 0.45638817506756946,
 "face_train_diff_speaker_cos_mean": 0.0011997437104582787,
 "face_Bn_nearest_En_cos_mean": 0.8371894359588623,
 "face_frac_Bn_with_En_nn_cos>0.6": 0.9610299234516354
}

Gender protocol sanity (train-fitted probe on dev pairs) {
 "no_gender/English": {
  "face_voice_gender_agree": 0.6765873015873016,
  "face_pred_male_frac": 0.5367063492063492,
  "voice_pred_male_frac": 0.5684523809523809
 },
 "no_gender/Bangla": {
  "face_voice_gender_agree": 0.6849217638691323,
  "face_pred_male_frac": 0.6258890469416786,
  "voice_pred_male_frac": 0.6294452347083926
 },
 "gender/English": {
  "face_voice_gender_agree": 0.8329938900203666,
  "face_pred_male_frac": 0.49287169042769857,
  "voice_pred_male_frac": 0.5417515274949084
 },
 "gender/Bangla": {
  "face_voice_gender_agree": 0.8916893732970027,
  "face_pred_male_frac": 0.6743869209809265,
  "voice_pred_male_frac": 0.6641689373297003
 }
}
saved
