D:\Sinh viên CNhan\FLAG_2027_FourFusion\Experiment\EDA-000_raw\run_eda_3b.py:38: Pandas4Warning: Starting with pandas version 4.0 all arguments of mean will be keyword-only.
  piv["mean"] = piv.mean(1).round(2)
protocol        gender  no_gender   mean
pca_x reg   k                           
128   0.01  4    37.98      25.33  31.65
            8    37.57      25.97  31.77
            16   37.59      28.91  33.25
            24   35.31      29.67  32.49
            32   35.11      30.14  32.62
            48   37.47      33.83  35.65
            64   42.62      39.63  41.12
      0.10  4    36.99      24.79  30.89
            8    37.25      25.62  31.44
            16   37.49      28.93  33.21
            24   35.86      29.73  32.80
            32   35.86      30.32  33.09
            48   37.05      33.66  35.35
            64   41.93      39.03  40.48
      1.00  4    35.52      24.34  29.93
            8    38.41      27.19  32.80
            16   36.84      28.83  32.84
            24   36.09      29.84  32.97
            32   35.56      30.42  32.99
            48   37.06      33.57  35.32
            64   39.51      36.69  38.10
      10.00 4    37.42      26.68  32.05
            8    38.06      27.72  32.89
            16   38.04      29.46  33.75
            24   35.84      29.23  32.54
            32   35.14      29.51  32.33
            48   36.10      31.50  33.80
            64   38.03      33.72  35.88
256   0.01  4    37.59      25.16  31.38
            8    36.37      25.06  30.71
            16   37.61      29.70  33.66
            24   35.61      29.96  32.78
            32   36.09      30.41  33.25
            48   37.65      33.54  35.60
            64   40.33      37.62  38.97
      0.10  4    36.21      24.30  30.26
            8    35.94      24.89  30.42
            16   37.30      28.86  33.08
            24   35.94      30.01  32.98
            32   36.68      30.37  33.52
            48   37.47      33.21  35.34
            64   40.26      37.62  38.94
      1.00  4    35.82      24.60  30.21
            8    36.58      26.07  31.32
            16   37.24      28.57  32.90
            24   35.19      29.39  32.29
            32   36.10      30.37  33.24
            48   37.01      32.47  34.74
            64   40.08      36.31  38.20
      10.00 4    37.65      26.86  32.25
            8    37.24      27.09  32.16
            16   36.84      28.54  32.69
            24   35.00      28.43  31.72
            32   34.92      29.07  32.00
            48   35.68      30.36  33.02
            64   38.38      33.74  36.06
BEST (pca_x, reg, k): (np.int64(128), np.float64(1.0), np.int64(4)) {'gender': 35.52, 'no_gender': 24.34, 'mean': 29.93}
no_gender/sub_score_v4_English_heard.txt 1008 mean d2 1.581
no_gender/sub_score_v4_Bangla_unheard.txt 1406 mean d2 1.562
gender/sub_score_v4_English_heard.txt 982 mean d2 1.336
gender/sub_score_v4_Bangla_unheard.txt 1468 mean d2 1.144
wrote D:\Sinh viên CNhan\FLAG_2027_FourFusion\Experiment\EDA-000_raw\out\submission_cca_linear.zip config {'pca_x': 128, 'reg': 1.0, 'k': 4}
