11:12:24 feature dir: D:\Sinh viên CNhan\FLAG_2027_FourFusion\kaggle\output\feats_v2 | 33 arrays
11:12:24 feature dir: D:\Sinh viên CNhan\FLAG_2027_FourFusion\kaggle\output\feats_ext | 6 arrays
split 1 239s
target    hindi   urdu         v4_en       
protocol     ng      g     ng      g     ng
system                                     
C16       30.53  29.50  16.17  30.23  21.47
C8        30.20  34.77  20.50  28.17  19.67
F1        28.77  35.17  21.20  29.33  19.07
F2        29.57  28.23  20.87  29.00  19.07
F3        25.60  30.80  15.33  27.40  16.07
F4        25.73  29.53  17.50  29.63  19.03
P0        28.47  32.20  19.27  27.37  17.27
split 2 283s
target    hindi   urdu         v4_en       
protocol     ng      g     ng      g     ng
system                                     
C16       32.00  35.77  35.77  33.13  27.10
C8        28.43  42.73  38.17  38.70  27.73
F1        30.63  35.37  28.97  36.20  26.40
F2        30.37  35.77  29.67  36.87  24.67
F3        28.97  33.80  28.03  36.43  22.60
F4        34.73  35.13  28.83  41.17  27.50
P0        28.97  35.37  29.50  35.50  25.27
split 3 277s
target    hindi   urdu         v4_en       
protocol     ng      g     ng      g     ng
system                                     
C16       27.83  48.97  30.70  36.90  28.60
C8        30.43  49.57  27.63  33.13  26.30
F1        23.73  38.90  19.87  37.03  28.60
F2        24.30  41.30  22.27  41.40  28.63
F3        22.07  40.63  21.47  37.77  25.23
F4        29.23  39.83  27.57  33.00  27.63
P0        24.00  35.33  27.00  36.67  27.63
split 4 280s
target    hindi   urdu         v4_en       
protocol     ng      g     ng      g     ng
system                                     
C16       21.10  34.27  25.23  43.77  30.70
C8        24.53  28.40  21.07  34.17  27.57
F1        18.40  32.03  23.03  38.83  24.97
F2        17.40  28.60  18.87  38.60  27.67
F3        17.27  29.87  19.30  36.37  22.93
F4        18.90  27.37  21.10  35.37  26.10
P0        17.87  32.50  21.20  38.70  23.53
split 5 252s
target    hindi   urdu         v4_en       
protocol     ng      g     ng      g     ng
system                                     
C16       34.80  50.87  32.97  29.83  24.23
C8        29.80  61.40  41.37  28.00  20.97
F1        33.53  45.67  30.60  31.80  23.47
F2        31.73  47.57  31.07  31.93  23.30
F3        30.83  45.00  29.70  29.37  21.77
F4        34.27  54.87  38.23  25.33  19.30
P0        32.60  46.00  34.83  27.93  22.53
ALL DONE
