02:21:57 feature dir: D:\Sinh viên CNhan\FLAG_2027_FourFusion\kaggle\output\feats_v2 | 33 arrays
02:21:57 feature dir: D:\Sinh viên CNhan\FLAG_2027_FourFusion\kaggle\output\feats_models | 70 arrays
02:21:57 feature dir: D:\Sinh viên CNhan\FLAG_2027_FourFusion\kaggle\output\feats_ext_full | 6 arrays
ALL DONE
split 1 done in 457s
split 2 done in 472s
split 3 done in 456s
split 4 done in 484s
split 5 done in 481s

single nets: mean EER and seed SD (mean over splits)
                                   mean          std      
arm                                 avg    raw   avg   raw
variant level   data    protocol                          
member  cluster english g         40.68  40.75  1.94  1.99
                        ng        29.30  29.27  1.61  1.71
                hindi   ng        30.90  30.91  1.68  1.80
                urdu    g         39.95  40.07  2.09  2.09
                        ng        26.73  26.59  1.73  1.90
                v4      g         35.17  35.04  1.92  1.92
                        ng        24.65  24.67  1.78  1.83
        person  english g         40.33  40.10  2.31  2.28
                        ng        29.03  29.00  1.79  1.77
                hindi   ng        31.05  31.03  1.85  2.02
                urdu    g         39.01  39.16  2.29  2.32
                        ng        25.97  25.89  1.99  2.00
                v4      g         34.92  34.72  2.04  2.16
                        ng        23.55  23.48  1.48  1.64
        sample  english g         44.42  44.39  1.33  1.26
                        ng        34.50  34.48  1.13  1.15
                hindi   ng        35.73  35.67  1.43  1.45
                urdu    g         41.65  41.57  1.93  2.05
                        ng        33.54  33.32  1.83  1.84
                v4      g         38.38  38.32  1.21  1.04
                        ng        30.83  30.85  1.23  1.13
prod    cluster english g         32.87  32.88  1.25  1.29
                        ng        20.79  20.78  1.11  1.08
                hindi   ng        22.25  22.31  1.49  1.50
                urdu    g         33.06  32.90  1.31  1.41
                        ng        20.86  20.76  0.79  0.78
                v4      g         27.15  27.14  1.70  1.67
                        ng        17.54  17.53  0.97  1.09
        person  english g         32.51  32.48  1.44  1.31
                        ng        19.84  19.86  0.97  0.99
                hindi   ng        21.21  21.12  1.49  1.50
                urdu    g         31.63  31.64  1.62  1.62
                        ng        18.76  18.75  1.04  1.02
                v4      g         27.01  26.99  1.58  1.56
                        ng        16.56  16.56  1.08  1.03
        sample  english g         37.59  37.49  0.90  0.82
                        ng        26.26  26.20  0.72  0.69
                hindi   ng        27.48  27.53  1.20  1.19
                urdu    g         39.07  39.00  1.61  1.49
                        ng        24.36  24.32  1.37  1.35
                v4      g         31.98  31.93  0.97  1.01
                        ng        21.78  21.75  0.73  0.80

ensembles (mean over splits)
group                             ens10         ens5a         ens5b       
arm                                 avg    raw    avg    raw    avg    raw
variant level   data    protocol                                          
member  cluster english g         40.85  40.66  40.71  40.50  40.10  40.02
                        ng        29.28  29.28  29.81  29.56  29.29  29.21
                hindi   ng        30.99  31.04  30.94  31.20  31.05  31.19
                urdu    g         40.26  40.26  40.26  40.43  39.14  38.95
                        ng        26.46  26.22  25.91  26.26  26.91  26.74
                v4      g         35.79  35.43  35.95  35.41  35.87  36.04
                        ng        24.47  24.47  24.44  24.62  24.05  23.92
        person  english g         39.08  38.83  39.49  39.23  39.91  39.77
                        ng        28.96  28.73  29.12  29.03  28.97  28.96
                hindi   ng        31.48  31.39  31.09  31.27  31.12  30.96
                urdu    g         39.47  39.30  39.16  39.33  38.90  38.40
                        ng        25.51  25.31  24.90  25.07  25.87  25.66
                v4      g         34.62  34.53  34.66  34.53  35.22  35.53
                        ng        23.48  23.55  23.82  24.04  23.18  23.18
        sample  english g         43.92  44.18  44.63  44.35  43.68  43.76
                        ng        34.07  33.99  34.05  34.30  34.12  34.24
                hindi   ng        34.71  34.80  34.45  34.52  34.80  35.00
                urdu    g         41.34  41.17  40.56  40.56  41.88  41.60
                        ng        33.20  33.20  34.31  33.75  32.09  32.34
                v4      g         37.80  37.81  37.78  37.82  38.27  38.30
                        ng        30.32  30.41  30.65  30.67  29.98  29.89
prod    cluster english g         32.67  32.67  32.84  32.75  32.59  32.61
                        ng        20.78  20.76  20.43  20.34  20.70  20.78
                hindi   ng        22.15  22.15  21.70  21.56  22.50  22.64
                urdu    g         32.65  32.65  32.86  32.86  32.38  32.65
                        ng        21.14  21.14  21.14  21.14  21.14  20.97
                v4      g         27.09  26.90  26.74  26.74  27.00  27.02
                        ng        17.05  17.05  17.02  17.10  17.14  17.23
        person  english g         32.59  32.59  32.87  32.78  32.34  32.43
                        ng        20.01  19.93  19.92  19.84  19.76  20.01
                hindi   ng        21.06  21.20  20.78  20.64  21.24  21.72
                urdu    g         31.70  31.70  31.36  31.34  31.37  31.37
                        ng        19.09  19.09  19.62  19.42  18.89  18.89
                v4      g         26.15  26.12  26.53  26.48  26.51  26.55
                        ng        16.42  16.38  16.24  16.03  16.45  16.50
        sample  english g         37.26  37.29  37.59  37.54  37.21  37.37
                        ng        25.88  25.71  25.26  25.26  25.88  25.96
                hindi   ng        27.74  27.74  27.17  27.13  28.15  28.01
                urdu    g         38.79  39.00  40.04  40.25  37.61  37.68
                        ng        24.86  24.67  25.27  25.27  23.73  23.73
                v4      g         31.78  31.67  31.87  31.67  31.75  31.72
                        ng        21.65  21.72  21.49  21.57  21.56  21.41
ALL DONE
EXIT 0
