13:39:30 feature dir: D:\Sinh viên CNhan\FLAG_2027_FourFusion\kaggle\output\feats_v2 | 33 arrays
13:39:30 feature dir: D:\Sinh viên CNhan\FLAG_2027_FourFusion\kaggle\output\feats_models | 70 arrays
split 1 done in 1529s (thresholds face 0.75 voice 0.70)
split 2 done in 1047s (thresholds face 0.75 voice 0.70)
split 3 done in 938s (thresholds face 0.70 voice 0.70)
split 4 done in 1549s (thresholds face 0.70 voice 0.70)
split 5 done in 1452s (thresholds face 0.75 voice 0.70)

MEAN EER over splits x reps
arm                   L0     L1     L2    L2a    L2o   AUTO  L2-L0
scenario protocol                                                 
m1       g         31.21  29.64  29.26  29.05  29.64  31.21  -1.95
         ng        28.60  23.09  22.53  23.09  23.09  28.60  -6.07
m2       g         31.19  27.82  29.13  29.13  28.45  29.13  -2.06
         ng        22.24  20.23  21.55  21.55  20.20  21.55  -0.69
m4       g         33.76  33.16  30.52  30.69  30.00  30.52  -3.24
         ng        24.21  22.52  19.07  18.90  18.27  19.07  -5.14
m8       g         33.12  32.89  29.40  29.57  28.69  29.40  -3.72
         ng        22.81  22.53  18.99  19.11  18.11  18.99  -3.82
m16      g         34.99  34.45  28.43  28.62  27.35  28.43  -6.56
         ng        21.91  21.02  16.78  16.99  16.43  16.78  -5.13
m32      g         33.63  33.34  28.10  27.79  26.75  28.10  -5.53
         ng        22.92  22.27  16.99  16.71  16.39  16.99  -5.93
pos20    g         33.79  34.22  27.85  28.30  27.43  27.85  -5.94
         ng        24.39  23.86  18.60  18.98  17.72  18.60  -5.79
dom      g         33.55  34.22  27.90  28.20  26.98  32.53  -5.65
         ng        25.62  23.21  17.90  17.90  12.91  20.50  -7.72
p5       g         31.06  25.88  24.22  23.47  23.85  28.58  -6.84
         ng        23.19  22.63  16.16  15.03  14.42  16.16  -7.03
p10      g         34.16  31.13  22.97  21.99  22.80  22.97 -11.19
         ng        24.91  22.14  16.20  15.91  15.93  16.20  -8.71

files where clustering LOST to pair-only (L2 > L0 + 1): 15 of 200
          face_median_size  voice_median_size  voice_face_ratio  largest_share  face_clusters  voice_clusters  persons  gain
scenario                                                                                                                    
m1                     1.0                1.0              0.96           0.06          29.60           28.50    29.85  4.01
m2                     2.0                2.0              1.04           0.05          30.40           31.70    30.00  1.38
m4                     4.0                4.0              1.10           0.05          30.80           34.00    30.00  4.19
m8                     8.0                8.0              1.12           0.05          32.20           36.00    30.00  3.77
m16                   16.0               16.0              1.13           0.05          33.75           37.90    30.00  5.85
m32                   32.0               31.6              1.12           0.05          35.75           39.70    30.00  5.72
pos20                 16.0               16.0              1.18           0.05          33.05           38.80    30.00  5.87
dom                    8.0                8.0              1.10           0.26          34.30           37.60    30.00  6.69
p5                    15.4               14.7              1.20           0.22           6.05            7.10     5.00  6.93
p10                   16.0               15.8              1.20           0.11          11.50           13.65    10.00  9.95
ALL DONE
EXIT 0
