02:18:59 feature dir: D:\Sinh viên CNhan\FLAG_2027_FourFusion\kaggle\output\feats_v2 | 33 arrays
02:18:59 feature dir: D:\Sinh viên CNhan\FLAG_2027_FourFusion\kaggle\output\feats_ext_full | 6 arrays
split 1: 26s, ext train persons 122, test 31
split 2: 28s, ext train persons 122, test 31
split 3: 28s, ext train persons 122, test 31
split 4: 28s, ext train persons 123, test 30
split 5: 28s, ext train persons 123, test 30
arm                         CCA16   CCA4  CCA64     ZS  ZS+CCA16  CCA4-ZS  CCA16-ZS  CCA64-ZS  ZS+CCA16-ZS
data       protocol level                                                                                 
hindi      ng       person  20.20  23.05  26.26  20.86     18.62     2.19     -0.66      5.40        -2.24
                    sample  31.49  25.51  40.19  27.00     26.08    -1.49      4.49     13.19        -0.92
urdu       g        person  35.06  33.89  40.55  33.17     33.63     0.72      1.89      7.38         0.46
                    sample  40.84  36.87  47.43  41.23     40.94    -4.36     -0.39      6.20        -0.29
           ng       person  23.46  19.80  28.73  16.83     18.39     2.97      6.63     11.90         1.56
                    sample  33.19  25.33  38.73  28.15     26.11    -2.82      5.04     10.58        -2.04
v1_english ng       person  20.18  20.94  24.19  14.47     16.37     6.47      5.71      9.72         1.90
                    sample  30.97  25.64  38.96  25.06     23.43     0.58      5.91     13.90        -1.63
v2_english ng       person  21.83  23.14  30.76  22.20     19.94     0.94     -0.37      8.56        -2.26
                    sample  32.29  26.07  39.33  28.24     27.26    -2.17      4.05     11.09        -0.98
v4         g        person  32.44  36.29  36.28  27.04     26.53     9.25      5.40      9.24        -0.51
                    sample  39.37  38.18  42.50  35.61     35.15     2.57      3.76      6.89        -0.46
           ng       person  23.43  24.21  31.95  18.73     17.86     5.48      4.70     13.22        -0.87
                    sample  32.93  26.88  40.34  24.76     24.38     2.12      8.17     15.58        -0.38

splits where the better of CCA16 / ZS+CCA16 beats ZS by >= 0.5 EER:
data        protocol  level 
hindi       ng        person    3
                      sample    3
urdu        g         person    3
                      sample    2
            ng        person    1
                      sample    3
v1_english  ng        person    0
                      sample    5
v2_english  ng        person    3
                      sample    3
v4          g         person    3
                      sample    3
            ng        person    2
                      sample    2
ALL DONE
EXIT 0
