seed 1 done
seed 2 done
seed 3 done

-- equal weighting (reproduces the Kaggle ensemble.csv trend)
protocol  gender  no_gender
n                          
1          31.44      21.52
3          30.89      21.98
5          30.79      22.18
10         31.05      22.62

-- explicit CCA weight w
protocol  gender  no_gender
n  w                       
3  0.00    32.18      24.13
   0.10    31.52      23.12
   0.20    31.11      22.28
   0.25    30.89      21.98
   0.30    30.72      21.85
   0.40    31.00      21.54
   0.50    31.43      21.53
   0.60    32.39      21.99
10 0.00    31.70      23.64
   0.10    30.97      22.58
   0.20    30.58      21.83
   0.25    30.42      21.55
   0.30    30.49      21.44
   0.40    30.68      21.15
   0.50    31.22      21.38
   0.60    32.31      21.78
