seed 1 base done
seed 1 hid1024 done
seed 1 hid256 done
seed 1 drop0.3 done
seed 1 drop0.7 done
seed 1 tau0.05 done
seed 1 tau0.1 done
seed 1 tau0.15 done
seed 1 emb256 done
seed 1 emb64 done
seed 1 wd1e-1 done
seed 1 lr3e-3 done
seed 1 lr3e-4 done
seed 1 bs128 done
seed 1 bs512 done
seed 1 nodedup done
seed 2 base done
seed 2 hid1024 done
seed 2 hid256 done
seed 2 drop0.3 done
seed 2 drop0.7 done
seed 2 tau0.05 done
seed 2 tau0.1 done
seed 2 tau0.15 done
seed 2 emb256 done
seed 2 emb64 done
seed 2 wd1e-1 done
seed 2 lr3e-3 done
seed 2 lr3e-4 done
seed 2 bs128 done
seed 2 bs512 done
seed 2 nodedup done
seed 3 base done
seed 3 hid1024 done
seed 3 hid256 done
seed 3 drop0.3 done
seed 3 drop0.7 done
seed 3 tau0.05 done
seed 3 tau0.1 done
seed 3 tau0.15 done
seed 3 emb256 done
seed 3 emb64 done
seed 3 wd1e-1 done
seed 3 lr3e-3 done
seed 3 lr3e-4 done
seed 3 bs128 done
seed 3 bs512 done
seed 3 nodedup done
protocol    gender  no_gender
cfg     ep                   
nodedup 15   32.26      24.13
        25   32.42      24.40
tau0.05 25   32.54      24.36
nodedup 10   32.67      23.99
bs512   25   32.71      23.99
wd1e-1  25   32.92      24.38
base    25   33.02      24.31
tau0.05 15   33.21      24.78
lr3e-3  15   33.25      25.21
bs512   15   33.31      24.41
tau0.1  25   33.42      24.47
bs128   25   33.54      25.06
wd1e-1  15   33.61      24.61
base    15   33.64      24.63
emb256  15   33.65      24.62
emb64   25   33.65      24.52
lr3e-3  10   33.67      25.39
        25   33.67      25.17
drop0.3 25   33.72      24.93
tau0.15 25   33.73      24.20
hid1024 25   33.77      24.69
tau0.1  15   33.79      24.52
tau0.05 10   33.81      24.94
emb256  25   33.87      24.69
hid1024 15   33.87      24.84
wd1e-1  10   33.93      25.02
bs128   15   33.98      24.87
base    10   33.99      25.04
drop0.3 15   34.07      25.21
        10   34.14      25.50
tau0.1  10   34.15      24.86
emb256  10   34.16      24.67
hid1024 10   34.32      25.02
bs512   10   34.33      24.81
hid256  25   34.62      25.22
tau0.15 15   34.62      24.49
lr3e-4  25   34.73      24.83
hid256  15   34.84      25.64
emb64   15   34.84      25.13
tau0.15 10   34.92      24.71
bs128   10   35.09      25.48
drop0.7 15   35.27      24.33
lr3e-4  15   35.36      24.92
emb64   10   35.53      25.73
hid256  10   35.60      25.64
drop0.7 10   35.72      24.36
        25   35.84      25.07
lr3e-4  10   35.86      24.92
