08:27:17 feature dir: D:\Sinh viên CNhan\FLAG_2027_FourFusion\kaggle\output\feats_v2 | 33 arrays
08:27:17 feature dir: D:\Sinh viên CNhan\FLAG_2027_FourFusion\kaggle\output\feats_ext | 6 arrays
streams: ['vitage', 'farl', 'siglip2', 'adaface', 'btcfacefc6', 'btcfacepool5'] | voice streams: ['btcvoiceasp'] | tta: ['TTAface', 'TTAvoice', 'TTAboth'] | age: True | arms: ['CTRL', 'IB', 'CTRL+IB.25', 'CTRL+IB.5', 'vitage', 'CTRL+vitage.25', 'CTRL+vitage.5', 'CATvitage', 'farl', 'CTRL+farl.25', 'CTRL+farl.5', 'CATfarl', 'siglip2', 'CTRL+siglip2.25', 'CTRL+siglip2.5', 'CATsiglip2', 'adaface', 'CTRL+adaface.25', 'CTRL+adaface.5', 'CATadaface', 'btcfacefc6', 'CTRL+btcfacefc6.25', 'CTRL+btcfacefc6.5', 'CATbtcfacefc6', 'btcfacepool5', 'CTRL+btcfacepool5.25', 'CTRL+btcfacepool5.5', 'CATbtcfacepool5', 'voice:btcvoiceasp', 'CTRL+voice:btcvoiceasp.25', 'CTRL+voice:btcvoiceasp.5', 'TTAface', 'TTAvoice', 'TTAboth', 'CTRL+AGE.1', 'CTRL+AGE.25']
split 1 siglip2          | v4_en/ng/s 26.20 v4_en/ng/c 23.00 v4_en/g/s 35.70 v4_en/g/c 31.07 urdu/ng/s 27.53 urdu/ng/p 16.00 urdu/g/s 40.63 urdu/g/p 33.77 hindi/ng/s 28.43 hindi/ng/p 25.27
split 1 CTRL+siglip2.25  | v4_en/ng/s 23.83 v4_en/ng/c 19.83 v4_en/g/s 33.80 v4_en/g/c 29.20 urdu/ng/s 26.57 urdu/ng/p 19.03 urdu/g/s 39.40 urdu/g/p 35.17 hindi/ng/s 28.47 hindi/ng/p 25.73
split 1 CTRL+siglip2.5   | v4_en/ng/s 24.00 v4_en/ng/c 20.43 v4_en/g/s 33.87 v4_en/g/c 26.93 urdu/ng/s 25.43 urdu/ng/p 17.90 urdu/g/s 38.77 urdu/g/p 31.90 hindi/ng/s 27.87 hindi/ng/p 23.67
split 1 CATsiglip2       | v4_en/ng/s 23.50 v4_en/ng/c 21.17 v4_en/g/s 32.37 v4_en/g/c 26.17 urdu/ng/s 26.00 urdu/ng/p 16.33 urdu/g/s 39.30 urdu/g/p 28.77 hindi/ng/s 28.13 hindi/ng/p 23.10
split 1 adaface          | v4_en/ng/s 36.87 v4_en/ng/c 35.00 v4_en/g/s 43.17 v4_en/g/c 45.83 urdu/ng/s 38.17 urdu/ng/p 28.40 urdu/g/s 43.53 urdu/g/p 37.20 hindi/ng/s 39.37 hindi/ng/p 36.70
split 1 CTRL+adaface.25  | v4_en/ng/s 25.30 v4_en/ng/c 18.97 v4_en/g/s 34.70 v4_en/g/c 33.10 urdu/ng/s 27.00 urdu/ng/p 18.20 urdu/g/s 39.83 urdu/g/p 28.93 hindi/ng/s 30.20 hindi/ng/p 27.43
split 1 CTRL+adaface.5   | v4_en/ng/s 26.70 v4_en/ng/c 21.87 v4_en/g/s 36.03 v4_en/g/c 36.17 urdu/ng/s 28.40 urdu/ng/p 18.67 urdu/g/s 39.70 urdu/g/p 35.97 hindi/ng/s 32.03 hindi/ng/p 29.27
split 1 CATadaface       | v4_en/ng/s 24.93 v4_en/ng/c 18.03 v4_en/g/s 33.20 v4_en/g/c 27.90 urdu/ng/s 27.67 urdu/ng/p 16.47 urdu/g/s 41.33 urdu/g/p 33.07 hindi/ng/s 31.40 hindi/ng/p 26.43
split 1 btcfacefc6       | v4_en/ng/s 25.83 v4_en/ng/c 21.00 v4_en/g/s 35.27 v4_en/g/c 29.53 urdu/ng/s 28.27 urdu/ng/p 17.57 urdu/g/s 40.47 urdu/g/p 32.27 hindi/ng/s 31.37 hindi/ng/p 24.70
split 1 CTRL+btcfacefc6.25 | v4_en/ng/s 25.27 v4_en/ng/c 15.53 v4_en/g/s 33.83 v4_en/g/c 27.20 urdu/ng/s 27.33 urdu/ng/p 18.47 urdu/g/s 39.23 urdu/g/p 33.87 hindi/ng/s 30.50 hindi/ng/p 27.77
split 1 CTRL+btcfacefc6.5 | v4_en/ng/s 25.03 v4_en/ng/c 17.67 v4_en/g/s 34.17 v4_en/g/c 28.53 urdu/ng/s 27.43 urdu/ng/p 16.83 urdu/g/s 39.10 urdu/g/p 34.57 hindi/ng/s 30.30 hindi/ng/p 25.87
split 1 CATbtcfacefc6    | v4_en/ng/s 25.20 v4_en/ng/c 21.13 v4_en/g/s 34.00 v4_en/g/c 31.63 urdu/ng/s 27.90 urdu/ng/p 17.57 urdu/g/s 40.70 urdu/g/p 31.87 hindi/ng/s 29.33 hindi/ng/p 20.73
split 1 btcfacepool5     | v4_en/ng/s 27.83 v4_en/ng/c 20.90 v4_en/g/s 37.57 v4_en/g/c 33.67 urdu/ng/s 26.83 urdu/ng/p 16.37 urdu/g/s 40.17 urdu/g/p 26.70 hindi/ng/s 33.27 hindi/ng/p 25.37
split 1 CTRL+btcfacepool5.25 | v4_en/ng/s 24.80 v4_en/ng/c 17.60 v4_en/g/s 33.57 v4_en/g/c 27.47 urdu/ng/s 27.37 urdu/ng/p 18.07 urdu/g/s 39.60 urdu/g/p 32.93 hindi/ng/s 30.57 hindi/ng/p 25.60
split 1 CTRL+btcfacepool5.5 | v4_en/ng/s 25.07 v4_en/ng/c 18.83 v4_en/g/s 34.07 v4_en/g/c 31.13 urdu/ng/s 26.03 urdu/ng/p 16.67 urdu/g/s 39.17 urdu/g/p 28.67 hindi/ng/s 31.10 hindi/ng/p 23.27
split 1 CATbtcfacepool5  | v4_en/ng/s 24.70 v4_en/ng/c 17.97 v4_en/g/s 33.30 v4_en/g/c 28.67 urdu/ng/s 27.47 urdu/ng/p 16.77 urdu/g/s 40.40 urdu/g/p 34.30 hindi/ng/s 29.33 hindi/ng/p 22.43
split 1 voice:btcvoiceasp | v4_en/ng/s 24.33 v4_en/ng/c 21.30 v4_en/g/s 35.47 v4_en/g/c 28.47 urdu/ng/s 28.80 urdu/ng/p 21.40 urdu/g/s 43.47 urdu/g/p 44.20 hindi/ng/s 30.27 hindi/ng/p 25.23
split 1 CTRL+voice:btcvoiceasp.25 | v4_en/ng/s 24.20 v4_en/ng/c 18.40 v4_en/g/s 33.53 v4_en/g/c 25.50 urdu/ng/s 27.57 urdu/ng/p 20.97 urdu/g/s 40.37 urdu/g/p 35.17 hindi/ng/s 30.57 hindi/ng/p 28.13
split 1 CTRL+voice:btcvoiceasp.5 | v4_en/ng/s 23.67 v4_en/ng/c 18.07 v4_en/g/s 33.47 v4_en/g/c 25.03 urdu/ng/s 27.73 urdu/ng/p 20.47 urdu/g/s 41.33 urdu/g/p 35.47 hindi/ng/s 30.37 hindi/ng/p 27.93
split 1 TTAface          | v4_en/ng/s 25.07 v4_en/ng/c 17.03 v4_en/g/s 33.93 v4_en/g/c 26.10 urdu/ng/s 27.40 urdu/ng/p 19.83 urdu/g/s 39.67 urdu/g/p 30.70 hindi/ng/s 30.93 hindi/ng/p 31.07
split 1 TTAvoice         | v4_en/ng/s 25.63 v4_en/ng/c 16.40 v4_en/g/s 33.67 v4_en/g/c 27.07 urdu/ng/s 28.03 urdu/ng/p 21.20 urdu/g/s 39.77 urdu/g/p 33.23 hindi/ng/s 31.07 hindi/ng/p 29.00
split 1 TTAboth          | v4_en/ng/s 24.87 v4_en/ng/c 16.83 v4_en/g/s 33.43 v4_en/g/c 26.00 urdu/ng/s 27.27 urdu/ng/p 20.57 urdu/g/s 39.67 urdu/g/p 30.43 hindi/ng/s 30.97 hindi/ng/p 30.60
split 1 CTRL+AGE.1       | v4_en/ng/s 25.17 v4_en/ng/c 17.83 v4_en/g/s 33.40 v4_en/g/c 26.80 urdu/ng/s 28.43 urdu/ng/p 18.20 urdu/g/s 39.80 urdu/g/p 35.17 hindi/ng/s 30.20 hindi/ng/p 26.40
split 1 CTRL+AGE.25      | v4_en/ng/s 24.47 v4_en/ng/c 18.50 v4_en/g/s 32.70 v4_en/g/c 27.67 urdu/ng/s 28.40 urdu/ng/p 20.07 urdu/g/s 39.63 urdu/g/p 34.90 hindi/ng/s 30.00 hindi/ng/p 25.60
== split 1 done in 1222s
split 2 siglip2          | v4_en/ng/s 30.80 v4_en/ng/c 27.67 v4_en/g/s 40.37 v4_en/g/c 38.87 urdu/ng/s 32.20 urdu/ng/p 28.03 urdu/g/s 37.07 urdu/g/p 35.00 hindi/ng/s 36.37 hindi/ng/p 29.60
split 2 CTRL+siglip2.25  | v4_en/ng/s 27.87 v4_en/ng/c 24.70 v4_en/g/s 36.80 v4_en/g/c 33.77 urdu/ng/s 32.73 urdu/ng/p 28.03 urdu/g/s 38.10 urdu/g/p 31.50 hindi/ng/s 33.50 hindi/ng/p 28.90
split 2 CTRL+siglip2.5   | v4_en/ng/s 26.77 v4_en/ng/c 24.60 v4_en/g/s 36.97 v4_en/g/c 34.93 urdu/ng/s 31.87 urdu/ng/p 28.03 urdu/g/s 36.93 urdu/g/p 28.03 hindi/ng/s 34.13 hindi/ng/p 27.40
split 2 CATsiglip2       | v4_en/ng/s 29.40 v4_en/ng/c 26.33 v4_en/g/s 39.57 v4_en/g/c 38.40 urdu/ng/s 33.90 urdu/ng/p 28.10 urdu/g/s 39.30 urdu/g/p 37.57 hindi/ng/s 32.13 hindi/ng/p 27.73
split 2 adaface          | v4_en/ng/s 40.83 v4_en/ng/c 34.20 v4_en/g/s 47.53 v4_en/g/c 43.87 urdu/ng/s 40.63 urdu/ng/p 42.00 urdu/g/s 41.83 urdu/g/p 42.10 hindi/ng/s 44.43 hindi/ng/p 43.00
split 2 CTRL+adaface.25  | v4_en/ng/s 30.43 v4_en/ng/c 25.90 v4_en/g/s 39.57 v4_en/g/c 38.90 urdu/ng/s 34.20 urdu/ng/p 28.03 urdu/g/s 38.60 urdu/g/p 34.60 hindi/ng/s 34.87 hindi/ng/p 34.87
split 2 CTRL+adaface.5   | v4_en/ng/s 32.53 v4_en/ng/c 26.87 v4_en/g/s 42.13 v4_en/g/c 38.00 urdu/ng/s 35.27 urdu/ng/p 28.03 urdu/g/s 39.27 urdu/g/p 32.67 hindi/ng/s 36.47 hindi/ng/p 34.93
split 2 CATadaface       | v4_en/ng/s 29.77 v4_en/ng/c 27.57 v4_en/g/s 38.73 v4_en/g/c 38.17 urdu/ng/s 36.23 urdu/ng/p 28.03 urdu/g/s 41.23 urdu/g/p 36.90 hindi/ng/s 33.97 hindi/ng/p 31.33
split 2 btcfacefc6       | v4_en/ng/s 29.00 v4_en/ng/c 24.77 v4_en/g/s 38.40 v4_en/g/c 37.73 urdu/ng/s 33.87 urdu/ng/p 28.03 urdu/g/s 39.13 urdu/g/p 31.10 hindi/ng/s 35.50 hindi/ng/p 34.93
split 2 CTRL+btcfacefc6.25 | v4_en/ng/s 29.13 v4_en/ng/c 23.57 v4_en/g/s 37.53 v4_en/g/c 35.83 urdu/ng/s 34.90 urdu/ng/p 28.03 urdu/g/s 39.77 urdu/g/p 34.40 hindi/ng/s 33.70 hindi/ng/p 28.97
split 2 CTRL+btcfacefc6.5 | v4_en/ng/s 28.93 v4_en/ng/c 23.93 v4_en/g/s 37.23 v4_en/g/c 35.17 urdu/ng/s 33.93 urdu/ng/p 28.03 urdu/g/s 39.40 urdu/g/p 33.40 hindi/ng/s 34.20 hindi/ng/p 30.40
split 2 CATbtcfacefc6    | v4_en/ng/s 29.30 v4_en/ng/c 24.47 v4_en/g/s 38.57 v4_en/g/c 35.97 urdu/ng/s 35.57 urdu/ng/p 28.03 urdu/g/s 40.63 urdu/g/p 32.67 hindi/ng/s 33.70 hindi/ng/p 31.20
split 2 btcfacepool5     | v4_en/ng/s 30.10 v4_en/ng/c 25.23 v4_en/g/s 38.40 v4_en/g/c 33.27 urdu/ng/s 34.37 urdu/ng/p 28.20 urdu/g/s 40.07 urdu/g/p 35.77 hindi/ng/s 35.57 hindi/ng/p 34.17
split 2 CTRL+btcfacepool5.25 | v4_en/ng/s 29.17 v4_en/ng/c 24.73 v4_en/g/s 37.90 v4_en/g/c 35.87 urdu/ng/s 34.43 urdu/ng/p 28.03 urdu/g/s 39.03 urdu/g/p 32.27 hindi/ng/s 33.87 hindi/ng/p 28.97
split 2 CTRL+btcfacepool5.5 | v4_en/ng/s 29.03 v4_en/ng/c 24.23 v4_en/g/s 37.37 v4_en/g/c 34.23 urdu/ng/s 33.40 urdu/ng/p 28.03 urdu/g/s 38.47 urdu/g/p 31.00 hindi/ng/s 33.93 hindi/ng/p 32.03
split 2 CATbtcfacepool5  | v4_en/ng/s 29.37 v4_en/ng/c 24.87 v4_en/g/s 38.20 v4_en/g/c 39.17 urdu/ng/s 36.00 urdu/ng/p 28.03 urdu/g/s 41.47 urdu/g/p 35.77 hindi/ng/s 33.40 hindi/ng/p 31.07
split 2 voice:btcvoiceasp | v4_en/ng/s 28.77 v4_en/ng/c 25.37 v4_en/g/s 37.80 v4_en/g/c 39.23 urdu/ng/s 33.90 urdu/ng/p 31.33 urdu/g/s 39.17 urdu/g/p 35.97 hindi/ng/s 33.03 hindi/ng/p 23.20
split 2 CTRL+voice:btcvoiceasp.25 | v4_en/ng/s 28.97 v4_en/ng/c 25.60 v4_en/g/s 37.67 v4_en/g/c 36.07 urdu/ng/s 34.70 urdu/ng/p 29.67 urdu/g/s 39.43 urdu/g/p 35.37 hindi/ng/s 33.27 hindi/ng/p 25.33
split 2 CTRL+voice:btcvoiceasp.5 | v4_en/ng/s 28.40 v4_en/ng/c 25.90 v4_en/g/s 37.57 v4_en/g/c 38.17 urdu/ng/s 33.70 urdu/ng/p 29.37 urdu/g/s 38.57 urdu/g/p 35.37 hindi/ng/s 32.80 hindi/ng/p 25.97
split 2 TTAface          | v4_en/ng/s 29.20 v4_en/ng/c 23.10 v4_en/g/s 38.07 v4_en/g/c 35.70 urdu/ng/s 34.33 urdu/ng/p 29.20 urdu/g/s 38.97 urdu/g/p 35.37 hindi/ng/s 33.30 hindi/ng/p 28.97
split 2 TTAvoice         | v4_en/ng/s 29.57 v4_en/ng/c 25.07 v4_en/g/s 38.43 v4_en/g/c 35.30 urdu/ng/s 35.63 urdu/ng/p 30.70 urdu/g/s 40.37 urdu/g/p 35.37 hindi/ng/s 33.87 hindi/ng/p 28.97
split 2 TTAboth          | v4_en/ng/s 29.20 v4_en/ng/c 22.90 v4_en/g/s 37.93 v4_en/g/c 35.60 urdu/ng/s 35.07 urdu/ng/p 30.00 urdu/g/s 39.30 urdu/g/p 35.37 hindi/ng/s 33.77 hindi/ng/p 28.97
split 2 CTRL+AGE.1       | v4_en/ng/s 29.17 v4_en/ng/c 22.13 v4_en/g/s 37.67 v4_en/g/c 34.90 urdu/ng/s 34.43 urdu/ng/p 28.70 urdu/g/s 39.47 urdu/g/p 35.37 hindi/ng/s 33.37 hindi/ng/p 25.23
split 2 CTRL+AGE.25      | v4_en/ng/s 28.10 v4_en/ng/c 21.27 v4_en/g/s 36.73 v4_en/g/c 32.50 urdu/ng/s 34.20 urdu/ng/p 28.87 urdu/g/s 38.13 urdu/g/p 35.37 hindi/ng/s 33.03 hindi/ng/p 23.07
== split 2 done in 1349s
split 3 siglip2          | v4_en/ng/s 28.90 v4_en/ng/c 24.77 v4_en/g/s 39.57 v4_en/g/c 39.27 urdu/ng/s 25.40 urdu/ng/p 20.50 urdu/g/s 37.83 urdu/g/p 35.30 hindi/ng/s 34.47 hindi/ng/p 31.47
split 3 CTRL+siglip2.25  | v4_en/ng/s 29.23 v4_en/ng/c 25.87 v4_en/g/s 40.03 v4_en/g/c 35.27 urdu/ng/s 27.53 urdu/ng/p 22.17 urdu/g/s 41.13 urdu/g/p 31.20 hindi/ng/s 31.70 hindi/ng/p 26.57
split 3 CTRL+siglip2.5   | v4_en/ng/s 28.77 v4_en/ng/c 24.70 v4_en/g/s 38.90 v4_en/g/c 31.47 urdu/ng/s 25.70 urdu/ng/p 19.93 urdu/g/s 38.30 urdu/g/p 27.53 hindi/ng/s 31.50 hindi/ng/p 24.50
split 3 CATsiglip2       | v4_en/ng/s 28.37 v4_en/ng/c 25.73 v4_en/g/s 38.53 v4_en/g/c 31.53 urdu/ng/s 26.60 urdu/ng/p 20.30 urdu/g/s 41.77 urdu/g/p 35.03 hindi/ng/s 30.67 hindi/ng/p 23.20
split 3 adaface          | v4_en/ng/s 36.97 v4_en/ng/c 35.27 v4_en/g/s 42.47 v4_en/g/c 38.23 urdu/ng/s 40.17 urdu/ng/p 34.27 urdu/g/s 45.30 urdu/g/p 42.50 hindi/ng/s 45.93 hindi/ng/p 41.30
split 3 CTRL+adaface.25  | v4_en/ng/s 31.07 v4_en/ng/c 24.33 v4_en/g/s 41.07 v4_en/g/c 34.97 urdu/ng/s 31.33 urdu/ng/p 24.50 urdu/g/s 43.43 urdu/g/p 42.10 hindi/ng/s 34.53 hindi/ng/p 29.47
split 3 CTRL+adaface.5   | v4_en/ng/s 31.77 v4_en/ng/c 30.07 v4_en/g/s 40.53 v4_en/g/c 34.23 urdu/ng/s 33.53 urdu/ng/p 34.60 urdu/g/s 43.30 urdu/g/p 42.10 hindi/ng/s 36.87 hindi/ng/p 33.50
split 3 CATadaface       | v4_en/ng/s 30.27 v4_en/ng/c 26.33 v4_en/g/s 39.93 v4_en/g/c 35.67 urdu/ng/s 30.33 urdu/ng/p 22.27 urdu/g/s 43.33 urdu/g/p 36.33 hindi/ng/s 33.90 hindi/ng/p 28.20
split 3 btcfacefc6       | v4_en/ng/s 29.77 v4_en/ng/c 22.77 v4_en/g/s 38.17 v4_en/g/c 34.77 urdu/ng/s 28.60 urdu/ng/p 21.13 urdu/g/s 42.43 urdu/g/p 35.97 hindi/ng/s 31.77 hindi/ng/p 24.47
split 3 CTRL+btcfacefc6.25 | v4_en/ng/s 30.50 v4_en/ng/c 24.63 v4_en/g/s 40.63 v4_en/g/c 36.73 urdu/ng/s 29.73 urdu/ng/p 22.07 urdu/g/s 43.73 urdu/g/p 35.33 hindi/ng/s 32.20 hindi/ng/p 24.00
split 3 CTRL+btcfacefc6.5 | v4_en/ng/s 29.87 v4_en/ng/c 23.33 v4_en/g/s 40.00 v4_en/g/c 37.13 urdu/ng/s 29.40 urdu/ng/p 21.60 urdu/g/s 43.60 urdu/g/p 35.33 hindi/ng/s 31.73 hindi/ng/p 23.60
split 3 CATbtcfacefc6    | v4_en/ng/s 30.00 v4_en/ng/c 22.77 v4_en/g/s 39.47 v4_en/g/c 33.23 urdu/ng/s 29.13 urdu/ng/p 25.63 urdu/g/s 43.17 urdu/g/p 32.70 hindi/ng/s 32.90 hindi/ng/p 24.00
split 3 btcfacepool5     | v4_en/ng/s 31.20 v4_en/ng/c 21.10 v4_en/g/s 39.33 v4_en/g/c 33.63 urdu/ng/s 30.27 urdu/ng/p 21.53 urdu/g/s 43.03 urdu/g/p 31.53 hindi/ng/s 32.53 hindi/ng/p 26.83
split 3 CTRL+btcfacepool5.25 | v4_en/ng/s 30.77 v4_en/ng/c 25.37 v4_en/g/s 41.07 v4_en/g/c 37.47 urdu/ng/s 30.17 urdu/ng/p 23.73 urdu/g/s 43.67 urdu/g/p 35.33 hindi/ng/s 32.47 hindi/ng/p 24.37
split 3 CTRL+btcfacepool5.5 | v4_en/ng/s 30.70 v4_en/ng/c 23.63 v4_en/g/s 40.47 v4_en/g/c 36.10 urdu/ng/s 29.97 urdu/ng/p 21.53 urdu/g/s 42.83 urdu/g/p 33.40 hindi/ng/s 31.80 hindi/ng/p 24.13
split 3 CATbtcfacepool5  | v4_en/ng/s 29.57 v4_en/ng/c 23.10 v4_en/g/s 39.40 v4_en/g/c 35.00 urdu/ng/s 29.37 urdu/ng/p 22.53 urdu/g/s 43.10 urdu/g/p 33.90 hindi/ng/s 32.90 hindi/ng/p 26.03
split 3 voice:btcvoiceasp | v4_en/ng/s 29.87 v4_en/ng/c 26.43 v4_en/g/s 41.50 v4_en/g/c 39.80 urdu/ng/s 28.73 urdu/ng/p 21.53 urdu/g/s 41.97 urdu/g/p 30.37 hindi/ng/s 33.07 hindi/ng/p 30.30
split 3 CTRL+voice:btcvoiceasp.25 | v4_en/ng/s 30.83 v4_en/ng/c 26.00 v4_en/g/s 41.03 v4_en/g/c 35.57 urdu/ng/s 29.87 urdu/ng/p 23.10 urdu/g/s 43.57 urdu/g/p 35.33 hindi/ng/s 33.00 hindi/ng/p 24.00
split 3 CTRL+voice:btcvoiceasp.5 | v4_en/ng/s 30.13 v4_en/ng/c 25.47 v4_en/g/s 41.23 v4_en/g/c 37.20 urdu/ng/s 29.03 urdu/ng/p 21.53 urdu/g/s 43.23 urdu/g/p 34.33 hindi/ng/s 33.30 hindi/ng/p 27.10
split 3 TTAface          | v4_en/ng/s 32.03 v4_en/ng/c 28.53 v4_en/g/s 41.03 v4_en/g/c 37.07 urdu/ng/s 31.13 urdu/ng/p 27.40 urdu/g/s 43.97 urdu/g/p 35.10 hindi/ng/s 32.70 hindi/ng/p 23.70
split 3 TTAvoice         | v4_en/ng/s 31.60 v4_en/ng/c 26.63 v4_en/g/s 41.53 v4_en/g/c 37.47 urdu/ng/s 30.90 urdu/ng/p 26.93 urdu/g/s 43.50 urdu/g/p 35.33 hindi/ng/s 32.97 hindi/ng/p 24.73
split 3 TTAboth          | v4_en/ng/s 31.80 v4_en/ng/c 28.60 v4_en/g/s 41.27 v4_en/g/c 37.27 urdu/ng/s 31.03 urdu/ng/p 27.03 urdu/g/s 44.00 urdu/g/p 35.50 hindi/ng/s 32.77 hindi/ng/p 24.00
split 3 CTRL+AGE.1       | v4_en/ng/s 31.07 v4_en/ng/c 26.07 v4_en/g/s 40.97 v4_en/g/c 34.73 urdu/ng/s 30.77 urdu/ng/p 24.43 urdu/g/s 43.53 urdu/g/p 36.80 hindi/ng/s 33.00 hindi/ng/p 24.00
split 3 CTRL+AGE.25      | v4_en/ng/s 30.40 v4_en/ng/c 26.07 v4_en/g/s 39.33 v4_en/g/c 34.77 urdu/ng/s 30.93 urdu/ng/p 23.43 urdu/g/s 43.60 urdu/g/p 42.80 hindi/ng/s 32.20 hindi/ng/p 21.50
== split 3 done in 1315s
split 4 siglip2          | v4_en/ng/s 28.97 v4_en/ng/c 23.03 v4_en/g/s 40.93 v4_en/g/c 38.57 urdu/ng/s 30.77 urdu/ng/p 23.33 urdu/g/s 40.97 urdu/g/p 35.83 hindi/ng/s 27.90 hindi/ng/p 24.40
split 4 CTRL+siglip2.25  | v4_en/ng/s 27.87 v4_en/ng/c 22.97 v4_en/g/s 37.83 v4_en/g/c 36.53 urdu/ng/s 28.97 urdu/ng/p 17.77 urdu/g/s 39.60 urdu/g/p 30.60 hindi/ng/s 25.70 hindi/ng/p 16.23
split 4 CTRL+siglip2.5   | v4_en/ng/s 27.20 v4_en/ng/c 23.97 v4_en/g/s 38.50 v4_en/g/c 38.27 urdu/ng/s 28.10 urdu/ng/p 17.87 urdu/g/s 39.20 urdu/g/p 32.17 hindi/ng/s 24.83 hindi/ng/p 17.27
split 4 CATsiglip2       | v4_en/ng/s 28.03 v4_en/ng/c 26.87 v4_en/g/s 38.77 v4_en/g/c 40.97 urdu/ng/s 28.47 urdu/ng/p 21.67 urdu/g/s 39.37 urdu/g/p 34.77 hindi/ng/s 25.73 hindi/ng/p 16.93
split 4 adaface          | v4_en/ng/s 38.30 v4_en/ng/c 36.57 v4_en/g/s 45.03 v4_en/g/c 45.17 urdu/ng/s 40.93 urdu/ng/p 34.17 urdu/g/s 48.80 urdu/g/p 48.93 hindi/ng/s 43.57 hindi/ng/p 36.40
split 4 CTRL+adaface.25  | v4_en/ng/s 29.67 v4_en/ng/c 22.63 v4_en/g/s 39.17 v4_en/g/c 39.17 urdu/ng/s 30.60 urdu/ng/p 18.13 urdu/g/s 41.63 urdu/g/p 32.50 hindi/ng/s 28.70 hindi/ng/p 19.77
split 4 CTRL+adaface.5   | v4_en/ng/s 31.50 v4_en/ng/c 28.63 v4_en/g/s 40.40 v4_en/g/c 37.30 urdu/ng/s 32.63 urdu/ng/p 22.10 urdu/g/s 43.63 urdu/g/p 35.10 hindi/ng/s 33.40 hindi/ng/p 27.63
split 4 CATadaface       | v4_en/ng/s 29.80 v4_en/ng/c 23.90 v4_en/g/s 38.97 v4_en/g/c 41.20 urdu/ng/s 31.73 urdu/ng/p 22.17 urdu/g/s 42.60 urdu/g/p 37.57 hindi/ng/s 27.87 hindi/ng/p 16.17
split 4 btcfacefc6       | v4_en/ng/s 29.57 v4_en/ng/c 28.20 v4_en/g/s 38.90 v4_en/g/c 40.43 urdu/ng/s 30.17 urdu/ng/p 17.20 urdu/g/s 38.60 urdu/g/p 29.27 hindi/ng/s 29.67 hindi/ng/p 25.73
split 4 CTRL+btcfacefc6.25 | v4_en/ng/s 28.83 v4_en/ng/c 25.70 v4_en/g/s 37.83 v4_en/g/c 40.30 urdu/ng/s 29.27 urdu/ng/p 20.33 urdu/g/s 40.03 urdu/g/p 30.43 hindi/ng/s 27.20 hindi/ng/p 18.60
split 4 CTRL+btcfacefc6.5 | v4_en/ng/s 29.03 v4_en/ng/c 26.10 v4_en/g/s 37.67 v4_en/g/c 40.23 urdu/ng/s 29.13 urdu/ng/p 18.00 urdu/g/s 39.73 urdu/g/p 29.33 hindi/ng/s 28.00 hindi/ng/p 20.53
split 4 CATbtcfacefc6    | v4_en/ng/s 29.50 v4_en/ng/c 25.33 v4_en/g/s 39.57 v4_en/g/c 42.70 urdu/ng/s 30.40 urdu/ng/p 17.67 urdu/g/s 40.03 urdu/g/p 32.03 hindi/ng/s 25.83 hindi/ng/p 15.70
split 4 btcfacepool5     | v4_en/ng/s 29.77 v4_en/ng/c 26.17 v4_en/g/s 39.07 v4_en/g/c 39.77 urdu/ng/s 32.70 urdu/ng/p 27.63 urdu/g/s 40.97 urdu/g/p 35.23 hindi/ng/s 30.97 hindi/ng/p 21.00
split 4 CTRL+btcfacepool5.25 | v4_en/ng/s 28.37 v4_en/ng/c 23.80 v4_en/g/s 37.60 v4_en/g/c 38.20 urdu/ng/s 30.03 urdu/ng/p 21.43 urdu/g/s 40.67 urdu/g/p 29.50 hindi/ng/s 27.17 hindi/ng/p 17.43
split 4 CTRL+btcfacepool5.5 | v4_en/ng/s 28.63 v4_en/ng/c 25.03 v4_en/g/s 37.97 v4_en/g/c 39.17 urdu/ng/s 29.73 urdu/ng/p 21.00 urdu/g/s 40.03 urdu/g/p 28.43 hindi/ng/s 27.67 hindi/ng/p 19.40
split 4 CATbtcfacepool5  | v4_en/ng/s 29.87 v4_en/ng/c 23.13 v4_en/g/s 38.57 v4_en/g/c 40.93 urdu/ng/s 29.43 urdu/ng/p 21.17 urdu/g/s 40.57 urdu/g/p 35.57 hindi/ng/s 26.60 hindi/ng/p 17.27
split 4 voice:btcvoiceasp | v4_en/ng/s 28.47 v4_en/ng/c 27.93 v4_en/g/s 38.97 v4_en/g/c 38.70 urdu/ng/s 26.90 urdu/ng/p 21.70 urdu/g/s 38.07 urdu/g/p 31.67 hindi/ng/s 29.70 hindi/ng/p 18.80
split 4 CTRL+voice:btcvoiceasp.25 | v4_en/ng/s 28.43 v4_en/ng/c 25.70 v4_en/g/s 38.00 v4_en/g/c 40.10 urdu/ng/s 28.87 urdu/ng/p 19.83 urdu/g/s 39.43 urdu/g/p 32.17 hindi/ng/s 27.27 hindi/ng/p 16.50
split 4 CTRL+voice:btcvoiceasp.5 | v4_en/ng/s 27.70 v4_en/ng/c 23.63 v4_en/g/s 38.23 v4_en/g/c 40.87 urdu/ng/s 27.87 urdu/ng/p 20.83 urdu/g/s 39.27 urdu/g/p 31.27 hindi/ng/s 28.07 hindi/ng/p 17.27
split 4 TTAface          | v4_en/ng/s 29.23 v4_en/ng/c 23.00 v4_en/g/s 37.90 v4_en/g/c 36.57 urdu/ng/s 30.17 urdu/ng/p 22.43 urdu/g/s 40.87 urdu/g/p 34.03 hindi/ng/s 28.00 hindi/ng/p 17.87
split 4 TTAvoice         | v4_en/ng/s 29.50 v4_en/ng/c 23.67 v4_en/g/s 37.80 v4_en/g/c 39.20 urdu/ng/s 30.37 urdu/ng/p 21.00 urdu/g/s 40.90 urdu/g/p 31.50 hindi/ng/s 27.97 hindi/ng/p 17.87
split 4 TTAboth          | v4_en/ng/s 29.07 v4_en/ng/c 23.20 v4_en/g/s 37.73 v4_en/g/c 36.57 urdu/ng/s 30.20 urdu/ng/p 21.43 urdu/g/s 41.07 urdu/g/p 32.33 hindi/ng/s 28.07 hindi/ng/p 17.87
split 4 CTRL+AGE.1       | v4_en/ng/s 29.13 v4_en/ng/c 22.13 v4_en/g/s 37.20 v4_en/g/c 36.27 urdu/ng/s 29.47 urdu/ng/p 22.97 urdu/g/s 39.80 urdu/g/p 30.13 hindi/ng/s 27.67 hindi/ng/p 18.60
split 4 CTRL+AGE.25      | v4_en/ng/s 28.67 v4_en/ng/c 21.60 v4_en/g/s 36.90 v4_en/g/c 33.93 urdu/ng/s 28.17 urdu/ng/p 22.27 urdu/g/s 38.77 urdu/g/p 28.40 hindi/ng/s 27.37 hindi/ng/p 19.13
== split 4 done in 1274s
split 5 siglip2          | v4_en/ng/s 33.47 v4_en/ng/c 30.00 v4_en/g/s 42.13 v4_en/g/c 40.63 urdu/ng/s 35.93 urdu/ng/p 33.33 urdu/g/s 48.00 urdu/g/p 48.37 hindi/ng/s 32.70 hindi/ng/p 24.37
split 5 CTRL+siglip2.25  | v4_en/ng/s 29.20 v4_en/ng/c 22.83 v4_en/g/s 37.50 v4_en/g/c 31.20 urdu/ng/s 37.20 urdu/ng/p 29.60 urdu/g/s 50.33 urdu/g/p 36.73 hindi/ng/s 35.47 hindi/ng/p 26.30
split 5 CTRL+siglip2.5   | v4_en/ng/s 29.53 v4_en/ng/c 22.97 v4_en/g/s 38.40 v4_en/g/c 35.87 urdu/ng/s 35.43 urdu/ng/p 28.80 urdu/g/s 49.30 urdu/g/p 42.03 hindi/ng/s 32.57 hindi/ng/p 28.53
split 5 CATsiglip2       | v4_en/ng/s 28.10 v4_en/ng/c 21.23 v4_en/g/s 36.47 v4_en/g/c 31.70 urdu/ng/s 35.37 urdu/ng/p 22.10 urdu/g/s 48.43 urdu/g/p 41.90 hindi/ng/s 32.43 hindi/ng/p 23.63
split 5 adaface          | v4_en/ng/s 38.20 v4_en/ng/c 34.03 v4_en/g/s 40.97 v4_en/g/c 38.47 urdu/ng/s 46.47 urdu/ng/p 46.53 urdu/g/s 47.83 urdu/g/p 46.53 hindi/ng/s 34.27 hindi/ng/p 30.57
split 5 CTRL+adaface.25  | v4_en/ng/s 29.57 v4_en/ng/c 23.07 v4_en/g/s 37.53 v4_en/g/c 30.67 urdu/ng/s 40.33 urdu/ng/p 31.07 urdu/g/s 49.57 urdu/g/p 48.40 hindi/ng/s 35.00 hindi/ng/p 30.83
split 5 CTRL+adaface.5   | v4_en/ng/s 31.47 v4_en/ng/c 28.87 v4_en/g/s 37.47 v4_en/g/c 32.53 urdu/ng/s 41.37 urdu/ng/p 31.60 urdu/g/s 49.13 urdu/g/p 43.97 hindi/ng/s 32.10 hindi/ng/p 30.90
split 5 CATadaface       | v4_en/ng/s 29.47 v4_en/ng/c 22.00 v4_en/g/s 36.53 v4_en/g/c 26.10 urdu/ng/s 40.73 urdu/ng/p 28.80 urdu/g/s 50.63 urdu/g/p 49.50 hindi/ng/s 34.20 hindi/ng/p 30.83
split 5 btcfacefc6       | v4_en/ng/s 29.27 v4_en/ng/c 22.57 v4_en/g/s 37.03 v4_en/g/c 27.60 urdu/ng/s 37.47 urdu/ng/p 37.27 urdu/g/s 46.70 urdu/g/p 45.43 hindi/ng/s 37.23 hindi/ng/p 30.13
split 5 CTRL+btcfacefc6.25 | v4_en/ng/s 29.53 v4_en/ng/c 21.77 v4_en/g/s 36.67 v4_en/g/c 26.17 urdu/ng/s 38.30 urdu/ng/p 31.83 urdu/g/s 49.90 urdu/g/p 45.07 hindi/ng/s 37.13 hindi/ng/p 30.83
split 5 CTRL+btcfacefc6.5 | v4_en/ng/s 28.83 v4_en/ng/c 22.17 v4_en/g/s 36.80 v4_en/g/c 27.63 urdu/ng/s 37.40 urdu/ng/p 34.83 urdu/g/s 48.60 urdu/g/p 50.40 hindi/ng/s 37.00 hindi/ng/p 28.93
split 5 CATbtcfacefc6    | v4_en/ng/s 28.60 v4_en/ng/c 22.53 v4_en/g/s 36.23 v4_en/g/c 27.33 urdu/ng/s 38.30 urdu/ng/p 29.77 urdu/g/s 49.90 urdu/g/p 47.40 hindi/ng/s 37.17 hindi/ng/p 30.83
split 5 btcfacepool5     | v4_en/ng/s 29.47 v4_en/ng/c 24.67 v4_en/g/s 37.33 v4_en/g/c 33.87 urdu/ng/s 39.00 urdu/ng/p 34.73 urdu/g/s 48.23 urdu/g/p 46.97 hindi/ng/s 34.53 hindi/ng/p 24.80
split 5 CTRL+btcfacepool5.25 | v4_en/ng/s 28.80 v4_en/ng/c 21.97 v4_en/g/s 37.53 v4_en/g/c 27.63 urdu/ng/s 38.63 urdu/ng/p 29.43 urdu/g/s 50.03 urdu/g/p 44.33 hindi/ng/s 36.57 hindi/ng/p 30.83
split 5 CTRL+btcfacepool5.5 | v4_en/ng/s 28.97 v4_en/ng/c 23.57 v4_en/g/s 37.20 v4_en/g/c 31.60 urdu/ng/s 37.43 urdu/ng/p 26.17 urdu/g/s 49.30 urdu/g/p 50.13 hindi/ng/s 35.07 hindi/ng/p 28.33
split 5 CATbtcfacepool5  | v4_en/ng/s 28.83 v4_en/ng/c 23.43 v4_en/g/s 36.53 v4_en/g/c 26.30 urdu/ng/s 38.30 urdu/ng/p 27.63 urdu/g/s 49.73 urdu/g/p 46.50 hindi/ng/s 35.30 hindi/ng/p 30.83
split 5 voice:btcvoiceasp | v4_en/ng/s 28.07 v4_en/ng/c 25.13 v4_en/g/s 37.67 v4_en/g/c 36.97 urdu/ng/s 36.70 urdu/ng/p 25.13 urdu/g/s 48.47 urdu/g/p 46.43 hindi/ng/s 31.73 hindi/ng/p 29.53
split 5 CTRL+voice:btcvoiceasp.25 | v4_en/ng/s 28.77 v4_en/ng/c 22.43 v4_en/g/s 37.47 v4_en/g/c 31.10 urdu/ng/s 38.37 urdu/ng/p 28.47 urdu/g/s 49.80 urdu/g/p 47.97 hindi/ng/s 35.27 hindi/ng/p 30.83
split 5 CTRL+voice:btcvoiceasp.5 | v4_en/ng/s 28.10 v4_en/ng/c 23.43 v4_en/g/s 37.67 v4_en/g/c 32.87 urdu/ng/s 37.13 urdu/ng/p 29.70 urdu/g/s 49.03 urdu/g/p 46.33 hindi/ng/s 34.03 hindi/ng/p 30.47
split 5 TTAface          | v4_en/ng/s 29.37 v4_en/ng/c 22.67 v4_en/g/s 37.13 v4_en/g/c 27.80 urdu/ng/s 40.07 urdu/ng/p 30.53 urdu/g/s 50.73 urdu/g/p 45.80 hindi/ng/s 36.47 hindi/ng/p 35.67
split 5 TTAvoice         | v4_en/ng/s 30.23 v4_en/ng/c 22.50 v4_en/g/s 37.50 v4_en/g/c 27.63 urdu/ng/s 40.60 urdu/ng/p 33.77 urdu/g/s 51.03 urdu/g/p 45.13 hindi/ng/s 37.40 hindi/ng/p 33.73
split 5 TTAboth          | v4_en/ng/s 29.93 v4_en/ng/c 22.53 v4_en/g/s 37.00 v4_en/g/c 27.50 urdu/ng/s 40.07 urdu/ng/p 29.70 urdu/g/s 51.37 urdu/g/p 45.20 hindi/ng/s 36.43 hindi/ng/p 36.60
split 5 CTRL+AGE.1       | v4_en/ng/s 29.40 v4_en/ng/c 22.00 v4_en/g/s 37.17 v4_en/g/c 26.73 urdu/ng/s 40.10 urdu/ng/p 30.47 urdu/g/s 50.03 urdu/g/p 45.07 hindi/ng/s 36.87 hindi/ng/p 31.90
split 5 CTRL+AGE.25      | v4_en/ng/s 29.17 v4_en/ng/c 22.43 v4_en/g/s 36.20 v4_en/g/c 25.23 urdu/ng/s 39.93 urdu/ng/p 29.00 urdu/g/s 49.10 urdu/g/p 42.57 hindi/ng/s 36.33 hindi/ng/p 30.77
== split 5 done in 1321s
ALL DONE
EXIT 0
