10:54:54 feature dir: D:\Sinh viên CNhan\FLAG_2027_FourFusion\kaggle\output\feats_v2 | 33 arrays
10:54:54 feature dir: D:\Sinh viên CNhan\FLAG_2027_FourFusion\kaggle\output\feats_ext | 6 arrays
streams: ['vitage', 'farl', 'siglip2', 'adaface', 'btcfacefc6', 'btcfacepool5'] | voice streams: ['btcvoiceasp'] | tta: ['TTAface', 'TTAvoice', 'TTAboth'] | age: True | arms: ['CTRL', 'IB', 'CTRL+IB.25', 'CTRL+IB.5', 'vitage', 'CTRL+vitage.25', 'CTRL+vitage.5', 'CATvitage', 'farl', 'CTRL+farl.25', 'CTRL+farl.5', 'CATfarl', 'siglip2', 'CTRL+siglip2.25', 'CTRL+siglip2.5', 'CATsiglip2', 'adaface', 'CTRL+adaface.25', 'CTRL+adaface.5', 'CATadaface', 'btcfacefc6', 'CTRL+btcfacefc6.25', 'CTRL+btcfacefc6.5', 'CATbtcfacefc6', 'btcfacepool5', 'CTRL+btcfacepool5.25', 'CTRL+btcfacepool5.5', 'CATbtcfacepool5', 'voice:btcvoiceasp', 'CTRL+voice:btcvoiceasp.25', 'CTRL+voice:btcvoiceasp.5', 'TTAface', 'TTAvoice', 'TTAboth', 'CTRL+AGE.1', 'CTRL+AGE.25', 'R:SET10', 'R:SET11', 'R:SET12', 'R:SET13', 'R:SET14']
split 1 R:SET10          | v4_en/ng/s 25.17 v4_en/ng/c 17.83 v4_en/g/s 33.40 v4_en/g/c 26.80 urdu/ng/s 28.43 urdu/ng/p 18.20 urdu/g/s 39.80 urdu/g/p 35.17 hindi/ng/s 30.20 hindi/ng/p 26.40
split 1 R:SET11          | v4_en/ng/s 23.43 v4_en/ng/c 17.43 v4_en/g/s 32.57 v4_en/g/c 30.83 urdu/ng/s 25.43 urdu/ng/p 19.50 urdu/g/s 38.23 urdu/g/p 30.60 hindi/ng/s 26.33 hindi/ng/p 18.90
split 1 R:SET12          | v4_en/ng/s 20.90 v4_en/ng/c 14.83 v4_en/g/s 30.00 v4_en/g/c 21.53 urdu/ng/s 22.13 urdu/ng/p 13.97 urdu/g/s 33.83 urdu/g/p 23.53 hindi/ng/s 26.00 hindi/ng/p 19.37
split 1 R:SET13          | v4_en/ng/s 20.83 v4_en/ng/c 15.20 v4_en/g/s 29.83 v4_en/g/c 23.80 urdu/ng/s 22.20 urdu/ng/p 12.70 urdu/g/s 33.80 urdu/g/p 23.90 hindi/ng/s 25.63 hindi/ng/p 18.90
split 1 R:SET14          | v4_en/ng/s 20.40 v4_en/ng/c 15.43 v4_en/g/s 30.43 v4_en/g/c 24.83 urdu/ng/s 22.13 urdu/ng/p 14.93 urdu/g/s 34.30 urdu/g/p 31.00 hindi/ng/s 24.40 hindi/ng/p 18.90
== split 1 done in 163s
split 2 R:SET10          | v4_en/ng/s 29.17 v4_en/ng/c 22.13 v4_en/g/s 37.67 v4_en/g/c 34.90 urdu/ng/s 34.43 urdu/ng/p 28.70 urdu/g/s 39.47 urdu/g/p 35.37 hindi/ng/s 33.37 hindi/ng/p 25.23
split 2 R:SET11          | v4_en/ng/s 27.20 v4_en/ng/c 20.20 v4_en/g/s 37.10 v4_en/g/c 36.23 urdu/ng/s 31.60 urdu/ng/p 28.03 urdu/g/s 36.93 urdu/g/p 28.03 hindi/ng/s 32.00 hindi/ng/p 25.17
split 2 R:SET12          | v4_en/ng/s 23.20 v4_en/ng/c 18.10 v4_en/g/s 32.53 v4_en/g/c 30.43 urdu/ng/s 26.30 urdu/ng/p 21.83 urdu/g/s 31.50 urdu/g/p 29.73 hindi/ng/s 28.53 hindi/ng/p 17.90
split 2 R:SET13          | v4_en/ng/s 22.70 v4_en/ng/c 17.03 v4_en/g/s 31.53 v4_en/g/c 29.73 urdu/ng/s 26.00 urdu/ng/p 22.17 urdu/g/s 30.97 urdu/g/p 28.87 hindi/ng/s 27.63 hindi/ng/p 17.73
split 2 R:SET14          | v4_en/ng/s 22.03 v4_en/ng/c 17.03 v4_en/g/s 32.43 v4_en/g/c 30.83 urdu/ng/s 26.83 urdu/ng/p 21.33 urdu/g/s 32.20 urdu/g/p 27.03 hindi/ng/s 27.47 hindi/ng/p 17.37
== split 2 done in 162s
split 3 R:SET10          | v4_en/ng/s 31.07 v4_en/ng/c 26.07 v4_en/g/s 40.97 v4_en/g/c 34.73 urdu/ng/s 30.77 urdu/ng/p 24.43 urdu/g/s 43.53 urdu/g/p 36.80 hindi/ng/s 33.00 hindi/ng/p 24.00
split 3 R:SET11          | v4_en/ng/s 26.73 v4_en/ng/c 22.93 v4_en/g/s 36.40 v4_en/g/c 26.83 urdu/ng/s 27.90 urdu/ng/p 22.73 urdu/g/s 42.53 urdu/g/p 41.07 hindi/ng/s 30.93 hindi/ng/p 24.93
split 3 R:SET12          | v4_en/ng/s 23.47 v4_en/ng/c 17.00 v4_en/g/s 33.23 v4_en/g/c 24.93 urdu/ng/s 26.13 urdu/ng/p 21.53 urdu/g/s 40.13 urdu/g/p 28.30 hindi/ng/s 28.20 hindi/ng/p 22.87
split 3 R:SET13          | v4_en/ng/s 23.17 v4_en/ng/c 16.87 v4_en/g/s 32.90 v4_en/g/c 24.90 urdu/ng/s 26.47 urdu/ng/p 20.70 urdu/g/s 40.17 urdu/g/p 30.13 hindi/ng/s 27.77 hindi/ng/p 23.03
split 3 R:SET14          | v4_en/ng/s 22.60 v4_en/ng/c 19.00 v4_en/g/s 32.10 v4_en/g/c 23.07 urdu/ng/s 25.63 urdu/ng/p 20.07 urdu/g/s 40.57 urdu/g/p 31.63 hindi/ng/s 28.13 hindi/ng/p 17.80
== split 3 done in 153s
split 4 R:SET10          | v4_en/ng/s 29.13 v4_en/ng/c 22.13 v4_en/g/s 37.20 v4_en/g/c 36.27 urdu/ng/s 29.47 urdu/ng/p 22.97 urdu/g/s 39.80 urdu/g/p 30.13 hindi/ng/s 27.67 hindi/ng/p 18.60
split 4 R:SET11          | v4_en/ng/s 27.03 v4_en/ng/c 22.13 v4_en/g/s 37.00 v4_en/g/c 36.27 urdu/ng/s 28.03 urdu/ng/p 21.17 urdu/g/s 38.47 urdu/g/p 35.73 hindi/ng/s 24.63 hindi/ng/p 17.27
split 4 R:SET12          | v4_en/ng/s 23.03 v4_en/ng/c 16.60 v4_en/g/s 33.83 v4_en/g/c 26.70 urdu/ng/s 21.83 urdu/ng/p 14.23 urdu/g/s 31.67 urdu/g/p 23.40 hindi/ng/s 24.30 hindi/ng/p 15.33
split 4 R:SET13          | v4_en/ng/s 23.10 v4_en/ng/c 16.33 v4_en/g/s 33.57 v4_en/g/c 28.17 urdu/ng/s 21.60 urdu/ng/p 16.37 urdu/g/s 31.10 urdu/g/p 27.53 hindi/ng/s 24.23 hindi/ng/p 13.77
split 4 R:SET14          | v4_en/ng/s 22.40 v4_en/ng/c 17.40 v4_en/g/s 32.93 v4_en/g/c 33.87 urdu/ng/s 22.70 urdu/ng/p 18.00 urdu/g/s 32.07 urdu/g/p 28.40 hindi/ng/s 22.73 hindi/ng/p 14.77
== split 4 done in 158s
split 5 R:SET10          | v4_en/ng/s 29.40 v4_en/ng/c 22.00 v4_en/g/s 37.17 v4_en/g/c 26.73 urdu/ng/s 40.10 urdu/ng/p 30.47 urdu/g/s 50.03 urdu/g/p 45.07 hindi/ng/s 36.87 hindi/ng/p 31.90
split 5 R:SET11          | v4_en/ng/s 28.50 v4_en/ng/c 22.77 v4_en/g/s 36.03 v4_en/g/c 25.80 urdu/ng/s 35.27 urdu/ng/p 29.23 urdu/g/s 49.33 urdu/g/p 45.70 hindi/ng/s 33.60 hindi/ng/p 24.23
split 5 R:SET12          | v4_en/ng/s 22.83 v4_en/ng/c 18.97 v4_en/g/s 31.87 v4_en/g/c 29.57 urdu/ng/s 28.37 urdu/ng/p 19.77 urdu/g/s 42.07 urdu/g/p 38.37 hindi/ng/s 26.17 hindi/ng/p 20.10
split 5 R:SET13          | v4_en/ng/s 22.27 v4_en/ng/c 16.90 v4_en/g/s 30.47 v4_en/g/c 27.13 urdu/ng/s 28.27 urdu/ng/p 21.20 urdu/g/s 40.93 urdu/g/p 37.33 hindi/ng/s 25.77 hindi/ng/p 19.43
split 5 R:SET14          | v4_en/ng/s 22.60 v4_en/ng/c 17.80 v4_en/g/s 31.30 v4_en/g/c 26.27 urdu/ng/s 28.20 urdu/ng/p 22.70 urdu/g/s 42.63 urdu/g/p 38.30 hindi/ng/s 27.03 hindi/ng/p 23.63
== split 5 done in 150s
ALL DONE
EXIT 0
