08:47:32 feature dir: D:\Sinh viên CNhan\FLAG_2027_FourFusion\kaggle\output\feats_v2 | 33 arrays
08:47:32 feature dir: D:\Sinh viên CNhan\FLAG_2027_FourFusion\kaggle\output\feats_ext | 6 arrays
split 1 arm A: 3473 rows, 43s | v4_en/ng/sample 27.23 v4_en/ng/cluster 16.53 v4_en/g/sample 34.80 v4_en/g/cluster 23.43 urdu/ng/sample 31.80 urdu/ng/person 28.33 urdu/g/sample 42.03 urdu/g/person 35.17 hindi/ng/sample 34.73 hindi/ng/person 31.50
split 1 arm B1: 10948 rows, 77s | v4_en/ng/sample 31.17 v4_en/ng/cluster 24.30 v4_en/g/sample 37.87 v4_en/g/cluster 33.90 urdu/ng/sample 29.97 urdu/ng/person 24.23 urdu/g/sample 40.57 urdu/g/person 43.03 hindi/ng/sample 32.63 hindi/ng/person 24.37
split 1 arm B2: 11999 rows, 88s | v4_en/ng/sample 28.10 v4_en/ng/cluster 20.50 v4_en/g/sample 36.23 v4_en/g/cluster 31.70 urdu/ng/sample 31.40 urdu/ng/person 26.30 urdu/g/sample 44.77 urdu/g/person 40.17 hindi/ng/sample 31.77 hindi/ng/person 25.17
split 1 arm B3: 19474 rows, 111s | v4_en/ng/sample 28.13 v4_en/ng/cluster 20.20 v4_en/g/sample 35.47 v4_en/g/cluster 28.63 urdu/ng/sample 28.43 urdu/ng/person 20.97 urdu/g/sample 41.07 urdu/g/person 37.77 hindi/ng/sample 32.70 hindi/ng/person 29.23
split 1 arm AP: 3473 rows, 28s | v4_en/ng/sample 27.13 v4_en/ng/cluster 15.83 v4_en/g/sample 34.17 v4_en/g/cluster 22.90 urdu/ng/sample 32.10 urdu/ng/person 27.73 urdu/g/sample 41.77 urdu/g/person 35.13 hindi/ng/sample 35.80 hindi/ng/person 30.33
split 1 arm B3P: 19474 rows, 64s | v4_en/ng/sample 26.90 v4_en/ng/cluster 17.57 v4_en/g/sample 34.03 v4_en/g/cluster 25.57 urdu/ng/sample 27.13 urdu/ng/person 23.47 urdu/g/sample 40.83 urdu/g/person 38.20 hindi/ng/sample 31.70 hindi/ng/person 30.03
split 2 arm A: 3742 rows, 50s | v4_en/ng/sample 32.70 v4_en/ng/cluster 24.13 v4_en/g/sample 39.60 v4_en/g/cluster 34.30 urdu/ng/sample 37.53 urdu/ng/person 33.27 urdu/g/sample 41.63 urdu/g/person 36.60 hindi/ng/sample 35.17 hindi/ng/person 28.90
split 2 arm B1: 11399 rows, 78s | v4_en/ng/sample 29.33 v4_en/ng/cluster 21.10 v4_en/g/sample 37.93 v4_en/g/cluster 28.97 urdu/ng/sample 36.53 urdu/ng/person 33.53 urdu/g/sample 43.53 urdu/g/person 43.33 hindi/ng/sample 39.17 hindi/ng/person 39.60
split 2 arm B2: 12177 rows, 85s | v4_en/ng/sample 30.40 v4_en/ng/cluster 22.77 v4_en/g/sample 37.30 v4_en/g/cluster 34.93 urdu/ng/sample 36.33 urdu/ng/person 28.30 urdu/g/sample 40.50 urdu/g/person 35.17 hindi/ng/sample 34.63 hindi/ng/person 30.33
split 2 arm B3: 19834 rows, 121s | v4_en/ng/sample 28.63 v4_en/ng/cluster 22.47 v4_en/g/sample 36.73 v4_en/g/cluster 31.30 urdu/ng/sample 33.30 urdu/ng/person 24.40 urdu/g/sample 38.77 urdu/g/person 36.17 hindi/ng/sample 35.90 hindi/ng/person 30.33
split 2 arm AP: 3742 rows, 27s | v4_en/ng/sample 33.17 v4_en/ng/cluster 24.03 v4_en/g/sample 39.70 v4_en/g/cluster 32.90 urdu/ng/sample 37.13 urdu/ng/person 28.47 urdu/g/sample 41.20 urdu/g/person 36.63 hindi/ng/sample 35.63 hindi/ng/person 28.90
split 2 arm B3P: 19834 rows, 60s | v4_en/ng/sample 27.37 v4_en/ng/cluster 22.73 v4_en/g/sample 36.50 v4_en/g/cluster 30.80 urdu/ng/sample 31.87 urdu/ng/person 28.70 urdu/g/sample 39.40 urdu/g/person 36.27 hindi/ng/sample 34.50 hindi/ng/person 29.37
split 3 arm A: 3705 rows, 46s | v4_en/ng/sample 34.73 v4_en/ng/cluster 34.43 v4_en/g/sample 42.70 v4_en/g/cluster 41.17 urdu/ng/sample 33.53 urdu/ng/person 27.57 urdu/g/sample 44.57 urdu/g/person 35.70 hindi/ng/sample 34.03 hindi/ng/person 29.13
split 3 arm B1: 11158 rows, 76s | v4_en/ng/sample 32.90 v4_en/ng/cluster 29.93 v4_en/g/sample 41.20 v4_en/g/cluster 34.83 urdu/ng/sample 33.03 urdu/ng/person 24.60 urdu/g/sample 44.07 urdu/g/person 42.13 hindi/ng/sample 30.70 hindi/ng/person 22.27
split 3 arm B2: 12123 rows, 80s | v4_en/ng/sample 32.03 v4_en/ng/cluster 30.00 v4_en/g/sample 40.00 v4_en/g/cluster 33.43 urdu/ng/sample 32.70 urdu/ng/person 23.90 urdu/g/sample 44.10 urdu/g/person 43.27 hindi/ng/sample 28.30 hindi/ng/person 19.53
split 3 arm B3: 19576 rows, 114s | v4_en/ng/sample 31.80 v4_en/ng/cluster 24.73 v4_en/g/sample 40.27 v4_en/g/cluster 34.97 urdu/ng/sample 32.77 urdu/ng/person 22.57 urdu/g/sample 45.33 urdu/g/person 42.93 hindi/ng/sample 27.33 hindi/ng/person 17.27
split 3 arm AP: 3705 rows, 30s | v4_en/ng/sample 34.90 v4_en/ng/cluster 29.33 v4_en/g/sample 42.57 v4_en/g/cluster 40.27 urdu/ng/sample 32.87 urdu/ng/person 21.53 urdu/g/sample 43.57 urdu/g/person 36.10 hindi/ng/sample 34.37 hindi/ng/person 29.00
split 3 arm B3P: 19576 rows, 64s | v4_en/ng/sample 30.27 v4_en/ng/cluster 23.63 v4_en/g/sample 39.37 v4_en/g/cluster 33.83 urdu/ng/sample 30.60 urdu/ng/person 21.97 urdu/g/sample 42.83 urdu/g/person 35.17 hindi/ng/sample 26.73 hindi/ng/person 16.77
split 4 arm A: 3857 rows, 49s | v4_en/ng/sample 30.93 v4_en/ng/cluster 26.67 v4_en/g/sample 38.57 v4_en/g/cluster 36.23 urdu/ng/sample 34.13 urdu/ng/person 26.33 urdu/g/sample 42.60 urdu/g/person 39.23 hindi/ng/sample 29.63 hindi/ng/person 19.87
split 4 arm B1: 11490 rows, 94s | v4_en/ng/sample 29.00 v4_en/ng/cluster 22.00 v4_en/g/sample 38.57 v4_en/g/cluster 32.57 urdu/ng/sample 32.40 urdu/ng/person 27.27 urdu/g/sample 41.60 urdu/g/person 36.90 hindi/ng/sample 25.17 hindi/ng/person 17.10
split 4 arm B2: 12444 rows, 86s | v4_en/ng/sample 32.43 v4_en/ng/cluster 28.77 v4_en/g/sample 40.47 v4_en/g/cluster 40.20 urdu/ng/sample 31.07 urdu/ng/person 22.53 urdu/g/sample 40.63 urdu/g/person 35.37 hindi/ng/sample 28.10 hindi/ng/person 22.13
split 4 arm B3: 20077 rows, 113s | v4_en/ng/sample 33.37 v4_en/ng/cluster 25.77 v4_en/g/sample 40.97 v4_en/g/cluster 34.70 urdu/ng/sample 29.33 urdu/ng/person 25.77 urdu/g/sample 38.63 urdu/g/person 36.07 hindi/ng/sample 27.10 hindi/ng/person 17.23
split 4 arm AP: 3857 rows, 30s | v4_en/ng/sample 31.67 v4_en/ng/cluster 26.37 v4_en/g/sample 38.97 v4_en/g/cluster 34.53 urdu/ng/sample 34.77 urdu/ng/person 24.00 urdu/g/sample 42.30 urdu/g/person 31.10 hindi/ng/sample 30.40 hindi/ng/person 24.17
split 4 arm B3P: 20077 rows, 61s | v4_en/ng/sample 29.73 v4_en/ng/cluster 23.23 v4_en/g/sample 38.43 v4_en/g/cluster 29.30 urdu/ng/sample 28.70 urdu/ng/person 25.60 urdu/g/sample 39.43 urdu/g/person 37.00 hindi/ng/sample 24.53 hindi/ng/person 17.23
split 5 arm A: 3790 rows, 45s | v4_en/ng/sample 32.73 v4_en/ng/cluster 27.27 v4_en/g/sample 39.13 v4_en/g/cluster 33.20 urdu/ng/sample 41.93 urdu/ng/person 38.27 urdu/g/sample 49.80 urdu/g/person 46.37 hindi/ng/sample 38.00 hindi/ng/person 33.90
split 5 arm B1: 11524 rows, 73s | v4_en/ng/sample 31.67 v4_en/ng/cluster 24.77 v4_en/g/sample 37.97 v4_en/g/cluster 34.23 urdu/ng/sample 41.37 urdu/ng/person 37.73 urdu/g/sample 50.47 urdu/g/person 47.77 hindi/ng/sample 31.97 hindi/ng/person 24.30
split 5 arm B2: 12524 rows, 81s | v4_en/ng/sample 32.07 v4_en/ng/cluster 29.30 v4_en/g/sample 39.27 v4_en/g/cluster 40.13 urdu/ng/sample 36.40 urdu/ng/person 30.47 urdu/g/sample 44.50 urdu/g/person 45.60 hindi/ng/sample 30.60 hindi/ng/person 19.57
split 5 arm B3: 20258 rows, 168s | v4_en/ng/sample 30.13 v4_en/ng/cluster 27.20 v4_en/g/sample 37.93 v4_en/g/cluster 32.10 urdu/ng/sample 36.60 urdu/ng/person 30.37 urdu/g/sample 44.40 urdu/g/person 42.90 hindi/ng/sample 31.33 hindi/ng/person 25.20
split 5 arm AP: 3790 rows, 37s | v4_en/ng/sample 33.00 v4_en/ng/cluster 28.03 v4_en/g/sample 38.40 v4_en/g/cluster 36.07 urdu/ng/sample 42.37 urdu/ng/person 38.47 urdu/g/sample 49.17 urdu/g/person 46.37 hindi/ng/sample 39.43 hindi/ng/person 39.40
split 5 arm B3P: 20258 rows, 86s | v4_en/ng/sample 29.73 v4_en/ng/cluster 24.63 v4_en/g/sample 37.37 v4_en/g/cluster 34.70 urdu/ng/sample 35.73 urdu/ng/person 29.53 urdu/g/sample 45.90 urdu/g/person 45.60 hindi/ng/sample 30.20 hindi/ng/person 25.50
ALL DONE
